// Jest Snapshot v1, https://goo.gl/fbAQLP

exports[`Input should render properly 1`] = `
<View
  style={
    [
      {
        "borderBottomColor": "#E0E0E0",
        "borderBottomWidth": 2,
        "color": "#909090",
      },
    ]
  }
>
  <Text
    style={
      [
        {
          "color": "#808080",
          "fontFamily": "NunitoSans-Regular",
        },
        {
          "fontSize": 14,
        },
        undefined,
        {
          "color": "#909090",
        },
      ]
    }
  >
    Username
  </Text>
  <View
    style={
      {
        "alignItems": "center",
        "flexDirection": "row",
        "gap": 14,
        "justifyContent": "space-between",
        "paddingRight": 27,
        "width": "100%",
      }
    }
  >
    <TextInput
      editable={true}
      onChangeText={[MockFunction]}
      placeholder="Enter text..."
      style={
        [
          {
            "color": "#909090",
            "fontFamily": "NunitoSans-Regular",
            "fontSize": 16,
            "fontWeight": "400",
            "paddingVertical": 11,
          },
        ]
      }
      value=""
    />
  </View>
</View>
`;
